﻿[dotenv@17.3.1] injecting env (20) from .env -- tip: ΓÜÖ∩╕Å  write to custom object with { processEnv: myObject }
Connecting to DB...
DB Connected
[Search] Found 14 route segments
node.exe : 
MissingSchemaError: Schema 
hasn't been registered for 
model "Train".
At 
C:\nvm4w\nodejs\npx.ps1:29 
char:3
+   & $NODE_EXE $NPX_CLI_JS 
$args
+   ~~~~~~~~~~~~~~~~~~~~~~~~
~~~~~
    + CategoryInfo          
    : NotSpecified: (Missi  
  ngSchemaEr... model "Tr   
 ain".:String) [], Remot    
eException
    + FullyQualifiedErrorId 
    : NativeCommandError
 
Use mongoose.model(name, 
schema)
    at 
NativeConnection.model (D:\S
PRING26\SDN302\ProjectSDN\Ve
TauSystem\backend\node_modul
es\mongoose\lib\connection.j
s:1503:13)
    at _getModelFromConn (D:
\SPRING26\SDN302\ProjectSDN\
VeTauSystem\backend\node_mod
ules\mongoose\lib\helpers\po
pulate\getModelsMapForPopula
te.js:708:15)
    at addModelNamesToMap (D
:\SPRING26\SDN302\ProjectSDN
\VeTauSystem\backend\node_mo
dules\mongoose\lib\helpers\p
opulate\getModelsMapForPopul
ate.js:636:17)
    at 
getModelsMapForPopulate (D:\
SPRING26\SDN302\ProjectSDN\V
eTauSystem\backend\node_modu
les\mongoose\lib\helpers\pop
ulate\getModelsMapForPopulat
e.js:218:7)
    at _populatePath (D:\SPR
ING26\SDN302\ProjectSDN\VeTa
uSystem\backend\node_modules
\mongoose\lib\model.js:4389:
21)
    at Function.populate (D:
\SPRING26\SDN302\ProjectSDN\
VeTauSystem\backend\node_mod
ules\mongoose\lib\model.js:4
356:21)
    at model.Query._find (D:
\SPRING26\SDN302\ProjectSDN\
VeTauSystem\backend\node_mod
ules\mongoose\lib\query.js:2
466:23)
    at 
processTicksAndRejections (n
ode:internal/process/task_qu
eues:105:5)
    at async 
model.Query.exec (D:\SPRING2
6\SDN302\ProjectSDN\VeTauSys
tem\backend\node_modules\mon
goose\lib\query.js:4687:63)
    at async 
Function.searchOneWay (D:\SP
RING26\SDN302\ProjectSDN\VeT
auSystem\backend\src\service
s\search.service.ts:223:23)
